129.146.1.237 - - [30/Sep/2025:20:01:33 -0400] "GET /feed.xml HTTP/1.1" 200 97518 "-" "feedparser/6.0.12 +https://github.com/kurtmckee/feedparser/"
165.225.111.4 - - [30/Sep/2025:20:01:34 -0400] "GET /transformers.html HTTP/1.1" 200 36194 "https://brandonrohrer.com/transformers.html" "Mozilla/5.0 (Windows NT 10.0; Win64; x64) AppleWebKit/537.36 (KHTML, like Gecko) Chrome/140.0.0.0 Safari/537.36 Edg/140.0.0.0"
116.179.32.167 - - [30/Sep/2025:20:02:07 -0400] "GET /10 HTTP/1.1" 404 134 "-" "Mozilla/5.0 (compatible; Baiduspider/2.0; +http://www.baidu.com/search/spider.html)"
119.249.100.240 - - [30/Sep/2025:20:02:09 -0400] "GET /robots.txt HTTP/1.1" 200 55 "-" "Mozilla/5.0 (Windows NT 10.0; WOW64) AppleWebKit/537.36 (KHTML, like Gecko) Chrome/48.0.2564.116 Safari/537.36"
220.181.51.90 - - [30/Sep/2025:20:02:12 -0400] "GET /robots.txt HTTP/1.1" 200 55 "-" "Mozilla/5.0 (Windows NT 10.0; WOW64) AppleWebKit/537.36 (KHTML, like Gecko) Chrome/48.0.2564.116 Safari/537.36"
173.177.2.6 - - [30/Sep/2025:20:02:28 -0400] "GET / HTTP/1.1" 200 5955 "-" "Mastodon/4.4.5+glitch (http.rb/5.3.1; +https://social.nebula.lgbt/)"
204.15.193.250 - - [30/Sep/2025:20:03:55 -0400] "GET / HTTP/1.1" 200 5955 "-" "Mastodon/4.4.5 (http.rb/5.3.1; +https://mastodon.sandwich.net/)"
40.77.167.151 - - [30/Sep/2025:20:04:31 -0400] "GET /images/pandas_indexing_1.png HTTP/1.1" 301 178 "-" "Mozilla/5.0 AppleWebKit/537.36 (KHTML, like Gecko; compatible; bingbot/2.0; +http://www.bing.com/bingbot.htm) Chrome/116.0.1938.76 Safari/537.36"
119.8.59.159 - - [30/Sep/2025:20:04:49 -0400] "HEAD /convolution_one_d.html HTTP/1.1" 200 0 "-" "Mozilla/5.0 (Windows NT 10.0; Win64; x64) AppleWebKit/537.36 (KHTML, like Gecko) Chrome/107.0.0.0 Safari/537.36"
119.8.59.159 - - [30/Sep/2025:20:04:50 -0400] "GET /convolution_one_d.html HTTP/1.1" 200 10481 "-" "Mozilla/5.0 (Windows NT 10.0; Win64; x64) AppleWebKit/537.36 (KHTML, like Gecko) Chrome/107.0.0.0 Safari/537.36"
57.141.6.31 - - [30/Sep/2025:20:05:30 -0400] "GET /commit HTTP/1.1" 200 7281 "-" "meta-externalagent/1.1 (+https://developers.facebook.com/docs/sharing/webmasters/crawler)"
141.94.131.5 - - [30/Sep/2025:20:06:22 -0400] "GET / HTTP/1.1" 200 5955 "-" "Mastodon/4.4.5 (http.rb/5.3.1; +https://this.mouse.rocks/)"
138.19.142.171 - - [30/Sep/2025:20:06:34 -0400] "GET /feed.xml HTTP/1.1" 200 97518 "-" "FreshRSS/1.26.0 (Linux; https://freshrss.org)"
23.98.142.180 - - [30/Sep/2025:20:07:02 -0400] "GET /matplotlib_points.html HTTP/1.1" 200 3680 "-" "Mozilla/5.0 AppleWebKit/537.36 (KHTML, like Gecko); compatible; ChatGPT-User/1.0; +https://openai.com/bot"
34.44.37.25 - - [30/Sep/2025:20:07:31 -0400] "GET /blog.html HTTP/1.1" 200 5955 "-" "Feedly/1.0"
213.180.203.166 - - [30/Sep/2025:20:07:37 -0400] "GET /evopowell HTTP/1.1" 200 6555 "-" "Mozilla/5.0 (compatible; YandexBot/3.0; +http://yandex.com/bots)"
52.167.144.20 - - [30/Sep/2025:20:07:46 -0400] "GET /hosting4.html HTTP/1.1" 200 6200 "-" "Mozilla/5.0 AppleWebKit/537.36 (KHTML, like Gecko; compatible; bingbot/2.0; +http://www.bing.com/bingbot.htm) Chrome/116.0.1938.76 Safari/537.36"
46.174.31.246 - - [30/Sep/2025:20:08:04 -0400] "GET /blog.html HTTP/1.1" 200 5955 "-" "Mozilla/5.0 (Windows NT 10.0; Win64; x64) AppleWebKit/537.36 (KHTML, like Gecko) Chrome/140.0.0.0 Safari/537.36"
46.174.31.246 - - [30/Sep/2025:20:08:04 -0400] "GET /stylesheets/stylesheet.css HTTP/1.1" 200 6783 "https://brandonrohrer.com/blog.html" "Mozilla/5.0 (Windows NT 10.0; Win64; x64) AppleWebKit/537.36 (KHTML, like Gecko) Chrome/140.0.0.0 Safari/537.36"
46.174.31.246 - - [30/Sep/2025:20:08:04 -0400] "GET /stylesheets/print.css HTTP/1.1" 200 3277 "https://brandonrohrer.com/blog.html" "Mozilla/5.0 (Windows NT 10.0; Win64; x64) AppleWebKit/537.36 (KHTML, like Gecko) Chrome/140.0.0.0 Safari/537.36"
46.174.31.246 - - [30/Sep/2025:20:08:04 -0400] "GET /images/ml_logo.png HTTP/1.1" 301 178 "https://brandonrohrer.com/blog.html" "Mozilla/5.0 (Windows NT 10.0; Win64; x64) AppleWebKit/537.36 (KHTML, like Gecko) Chrome/140.0.0.0 Safari/537.36"
79.124.58.198 - - [30/Sep/2025:20:09:19 -0400] "GET /?XDEBUG_SESSION_START=phpstorm HTTP/1.1" 200 5955 "-" "Mozilla/5.0 (Windows NT 10.0; Win64; x64) AppleWebKit/537.36 (KHTML, like Gecko) Chrome/78.0.3904.108 Safari/537.36"
95.217.239.134 - - [30/Sep/2025:20:10:03 -0400] "GET /feed.xml HTTP/1.1" 304 0 "-" "NewsBlur Feed Fetcher - 1 subscriber - https://www.newsblur.com/site/9783855/brandon-rohrer (\x22Mozilla/5.0 (Macintosh; Intel Mac OS X 10_15_7) AppleWebKit/605.1.15 (KHTML, like Gecko) Version/14.0.1 Safari/605.1.15\x22)"
104.28.123.86 - - [30/Sep/2025:20:11:04 -0400] "GET /blog.html HTTP/1.1" 200 5955 "-" "Mozilla/5.0 (iPhone; CPU iPhone OS 18_6 like Mac OS X) AppleWebKit/605.1.15 (KHTML, like Gecko) Version/26.0 Mobile/15E148 Safari/604.1"
104.28.123.86 - - [30/Sep/2025:20:11:05 -0400] "GET /apple-touch-icon-120x120-precomposed.png HTTP/1.1" 404 134 "-" "Mozilla/5.0 (iPhone; CPU iPhone OS 18_6 like Mac OS X) AppleWebKit/605.1.15 (KHTML, like Gecko) Safari"
104.28.123.86 - - [30/Sep/2025:20:11:05 -0400] "GET /apple-touch-icon-120x120.png HTTP/1.1" 404 134 "-" "Mozilla/5.0 (iPhone; CPU iPhone OS 18_6 like Mac OS X) AppleWebKit/605.1.15 (KHTML, like Gecko) Safari"
104.28.123.86 - - [30/Sep/2025:20:11:05 -0400] "GET /apple-touch-icon-precomposed.png HTTP/1.1" 404 134 "-" "Mozilla/5.0 (iPhone; CPU iPhone OS 18_6 like Mac OS X) AppleWebKit/605.1.15 (KHTML, like Gecko) Safari"
104.28.123.86 - - [30/Sep/2025:20:11:05 -0400] "GET /apple-touch-icon.png HTTP/1.1" 404 134 "-" "Mozilla/5.0 (iPhone; CPU iPhone OS 18_6 like Mac OS X) AppleWebKit/605.1.15 (KHTML, like Gecko) Safari"
104.28.123.86 - - [30/Sep/2025:20:11:05 -0400] "GET /images/ml_logo.png HTTP/1.1" 301 178 "-" "Mozilla/5.0 (iPhone; CPU iPhone OS 18_6 like Mac OS X) AppleWebKit/605.1.15 (KHTML, like Gecko) Safari"
14.194.28.218 - - [30/Sep/2025:20:11:47 -0400] "GET /five_questions_data_science_answers.html HTTP/1.1" 200 6757 "-" "python-requests/2.24.0"
113.186.165.91 - - [30/Sep/2025:20:11:56 -0400] "GET /images/how_modeling_works/squared_deviation_with_dead_zone.png HTTP/1.1" 301 178 "-" "Mozilla/5.0 (Windows NT 10.0; Win64; x64) AppleWebKit/537.36 (KHTML, like Gecko) Chrome/125.0.0.0 Safari/537.36"
75.102.131.140 - - [30/Sep/2025:20:12:23 -0400] "GET /images/rate_of_change/backward_difference.png HTTP/1.1" 301 178 "https://images.search.yahoo.com/search/images;_ylt=AwrijZ3NcdxoreITUquJzbkF;_ylu=c2VjA3NlYXJjaARzbGsDYnV0dG9u;_ylc=X1MDOTYwNjI4NTcEX3IDMgRmcgNtY2FmZWUEZnIyA3A6cyx2OmksbTpzYi10b3AEZ3ByaWQDdEV0YldXWmxTdHloUktCY1ZyUENhQQRuX3JzbHQDMARuX3N1Z2cDMARvcmlnaW4DaW1hZ2VzLnNlYXJjaC55YWhvby5jb20EcG9zAzAEcHFzdHIDBHBxc3RybAMwBHFzdHJsAzI2BHF1ZXJ5A2JhY2t3YXJkcyUyMGRpZmZlcmVuY2UlMjBncmFwaAR0X3N0bXADMTc1OTI3NzUzOQ--?p=backwards+difference+graph&fr=mcafee&fr2=p%3As%2Cv%3Ai%2Cm%3Asb-top&ei=UTF-8&x=wrt&type=E210US105G91850-E210US105G91850" "Mozilla/5.0 (Windows NT 10.0; Win64; x64) AppleWebKit/537.36 (KHTML, like Gecko) Chrome/131.0.0.0 Safari/537.36"
37.187.89.173 - - [30/Sep/2025:20:12:52 -0400] "GET /python_resources.html HTTP/1.1" 200 2716 "-" "Mastodon/4.4.3 (http.rb/5.3.1; +https://mastodon.com.tr/) Bot"
47.128.41.62 - - [30/Sep/2025:20:12:56 -0400] "GET /cartographer HTTP/1.1" 301 178 "-" "Mozilla/5.0 (Linux; Android 5.0) AppleWebKit/537.36 (KHTML, like Gecko) Mobile Safari/537.36 (compatible; Bytespider; spider-feedback@bytedance.com)"
200.125.229.235 - - [30/Sep/2025:20:13:10 -0400] "GET / HTTP/1.1" 200 5955 "-" "Mozilla/5.0 (Windows NT 10.0; Win64; x64) AppleWebKit/537.36 (KHTML, like Gecko) Chrome/129.0.0.0 Safari/537.36"
204.93.227.6 - - [30/Sep/2025:20:13:31 -0400] "GET /transformers.html HTTP/1.1" 200 36194 "https://e2eml.school/transformers.html" "Mozilla/5.0 (Macintosh; Intel Mac OS X 10_6_7) AppleWebKit/534.30 (KHTML, like Gecko) Chrome/12.0.742.91 Safari/534.30"
121.237.36.29 - - [30/Sep/2025:20:13:41 -0400] "GET / HTTP/1.1" 200 5955 "-" "Mozilla/5.0 (Linux; Android 8.1; EML-AL00 Build/HUAWEIEML-AL00; wv) AppleWebKit/537.36 (KHTML, like Gecko) Version/4.0 Chrome/57.0.2987.132 MQQBrowser/6.2 TBS/044204 Mobile Safari/537.36 V1_AND_SQ_7.7.8_908_YYB_D QQ/7.7.8.3705 NetType/4G WebP/0.3.0 Pixel/1080"
81.187.48.147 - - [30/Sep/2025:20:13:53 -0400] "GET / HTTP/1.1" 200 5955 "-" "Mastodon/4.4.3 (http.rb/5.3.1; +https://mastodon.incognitus.net/)"
216.24.60.153 - - [30/Sep/2025:20:13:54 -0400] "GET /feed.xml HTTP/1.1" 200 97518 "-" "Mozilla/5.0 (Windows NT 10.0; Win64; x64) AppleWebKit/537.36 (KHTML, like Gecko) Chrome/84.0.4147.105 Safari/537.36"
23.93.202.217 - - [30/Sep/2025:20:14:21 -0400] "GET /python_resources.html HTTP/1.1" 200 2716 "-" "Mastodon/4.4.4 (http.rb/5.3.1; +https://mastodon.tinycart.club/) Bot"
34.121.104.74 - - [30/Sep/2025:20:14:35 -0400] "GET /blog.html HTTP/1.1" 200 5955 "-" "Feedly/1.0"
109.71.214.172 - - [30/Sep/2025:20:14:52 -0400] "GET / HTTP/1.1" 200 5955 "-" "Mastodon/4.4.5 (http.rb/5.3.1; +https://mastodon.macsnet.cz/)"
64.225.19.55 - - [30/Sep/2025:20:14:53 -0400] "GET /feed.xml HTTP/1.1" 200 97518 "-" "RSS.Social/1.0 +https://rss.social/bot"
189.1.238.129 - - [30/Sep/2025:20:14:55 -0400] "GET /blog.html HTTP/1.1" 200 5955 "https://brandonrohrer.com/blog.html" "Mozilla/5.0 (Macintosh; Intel Mac OS X 10_15_7) AppleWebKit/537.36 (KHTML, like Gecko) Chrome/119.0.0.0 Safari/537.36"
18.97.9.98 - - [30/Sep/2025:20:15:15 -0400] "GET /robots.txt HTTP/1.1" 200 55 "-" "Mozilla/5.0 AppleWebKit/537.36 (KHTML, like Gecko; compatible; PerplexityBot/1.0; +https://perplexity.ai/perplexitybot)"
168.194.18.94 - - [30/Sep/2025:20:15:29 -0400] "GET /%20%20%20%20%20%20%20%20%20%20%20%20https:/twitter.com/zimonitrome/status/1495906518876794881?s=20&t=f8MNbUaIMWB4qhWChDZoEw HTTP/1.1" 404 196 "-" "Mozilla/5.0 (Macintosh; Intel Mac OS X 10_7_3) AppleWebKit/537.36 (KHTML, like Gecko, Mediapartners-Google) Chrome/81.0.4044.108 Safari/537.36"
138.19.142.171 - - [30/Sep/2025:20:16:37 -0400] "GET /feed.xml HTTP/1.1" 200 97518 "-" "FreshRSS/1.26.0 (Linux; https://freshrss.org)"
23.93.202.217 - - [30/Sep/2025:20:17:16 -0400] "GET / HTTP/1.1" 200 5955 "-" "Mastodon/4.4.4 (http.rb/5.3.1; +https://mastodon.tinycart.club/)"
24.126.100.175 - - [30/Sep/2025:20:17:55 -0400] "GET /feed.xml HTTP/1.1" 304 0 "-" "Mozilla/5.0 (X11; Ubuntu; Linux x86_64; rv:136.0) Gecko/20100101 Firefox/136.0"
17.241.219.6 - - [30/Sep/2025:20:18:04 -0400] "GET /regularization HTTP/1.1" 200 6389 "-" "Mozilla/5.0 (Macintosh; Intel Mac OS X 10_15_7) AppleWebKit/605.1.15 (KHTML, like Gecko) Version/17.4 Safari/605.1.15 (Applebot/0.1; +http://www.apple.com/go/applebot)"
89.45.236.61 - - [30/Sep/2025:20:18:22 -0400] "GET / HTTP/1.1" 200 5955 "-" "Mastodon/4.4.4 (http.rb/5.3.1; +https://toots.dgplug.org/)"
185.98.171.138 - - [30/Sep/2025:20:20:08 -0400] "GET /favicon.ico HTTP/1.1" 404 196 "-" "Mozilla/5.0 (Windows NT 10.0; Win64; x64) AppleWebKit/537.36 (KHTML, like Gecko) Chrome/140.0.0.0 Safari/537.36"
75.80.49.86 - - [30/Sep/2025:20:21:33 -0400] "GET /transformers.html HTTP/1.1" 200 36194 "-" "Mozilla/5.0 (Macintosh; Intel Mac OS X 10_15_7) AppleWebKit/605.1.15 (KHTML, like Gecko)"
75.80.49.86 - - [30/Sep/2025:20:21:34 -0400] "GET /apple-touch-icon-precomposed.png HTTP/1.1" 404 134 "-" "Mozilla/5.0 (Macintosh; Intel Mac OS X 10_15_7) AppleWebKit/605.1.15 (KHTML, like Gecko) Safari"
75.80.49.86 - - [30/Sep/2025:20:21:34 -0400] "GET /apple-touch-icon.png HTTP/1.1" 404 134 "-" "Mozilla/5.0 (Macintosh; Intel Mac OS X 10_15_7) AppleWebKit/605.1.15 (KHTML, like Gecko) Safari"
75.80.49.86 - - [30/Sep/2025:20:21:34 -0400] "GET /images/ml_logo.png HTTP/1.1" 301 178 "-" "Mozilla/5.0 (Macintosh; Intel Mac OS X 10_15_7) AppleWebKit/605.1.15 (KHTML, like Gecko) Safari"
75.80.49.86 - - [30/Sep/2025:20:21:35 -0400] "GET /transformers.html HTTP/1.1" 200 36194 "-" "Mozilla/5.0 (iPhone; CPU iPhone OS 18_4 like Mac OS X) AppleWebKit/605.1.15 (KHTML, like Gecko) Version/18.4 Mobile/15E148 Safari/604.1"
75.80.49.86 - - [30/Sep/2025:20:21:35 -0400] "GET /apple-touch-icon-precomposed.png HTTP/1.1" 404 134 "-" "Mozilla/5.0 (Macintosh; Intel Mac OS X 10_15_7) AppleWebKit/605.1.15 (KHTML, like Gecko) Safari"
75.80.49.86 - - [30/Sep/2025:20:21:35 -0400] "GET /apple-touch-icon.png HTTP/1.1" 404 134 "-" "Mozilla/5.0 (Macintosh; Intel Mac OS X 10_15_7) AppleWebKit/605.1.15 (KHTML, like Gecko) Safari"
182.76.143.226 - - [30/Sep/2025:20:21:41 -0400] "GET /five_questions_data_science_answers.html HTTP/1.1" 200 6757 "-" "python-requests/2.24.0"
34.121.200.124 - - [30/Sep/2025:20:21:41 -0400] "GET /blog.html HTTP/1.1" 200 5955 "-" "Feedly/1.0"
216.24.60.141 - - [30/Sep/2025:20:21:45 -0400] "GET /feed.xml HTTP/1.1" 200 97518 "-" "Mozilla/5.0 (Windows NT 10.0; Win64; x64) AppleWebKit/537.36 (KHTML, like Gecko) Chrome/84.0.4147.105 Safari/537.36"
182.76.143.226 - - [30/Sep/2025:20:22:01 -0400] "GET /five_questions_data_science_answers.html HTTP/1.1" 200 6757 "-" "python-requests/2.24.0"
72.83.102.10 - - [30/Sep/2025:20:23:07 -0400] "GET /python_resources.html HTTP/1.1" 200 2716 "-" "Mozilla/5.0 (iPhone; CPU iPhone OS 18_7_1 like Mac OS X) AppleWebKit/605.1.15 (KHTML, like Gecko) Version/18.7 Mobile/15E148 Safari/604.1"
72.83.102.10 - - [30/Sep/2025:20:23:07 -0400] "GET /stylesheets/print.css HTTP/1.1" 200 3277 "https://brandonrohrer.com/python_resources.html" "Mozilla/5.0 (iPhone; CPU iPhone OS 18_7_1 like Mac OS X) AppleWebKit/605.1.15 (KHTML, like Gecko) Version/18.7 Mobile/15E148 Safari/604.1"
72.83.102.10 - - [30/Sep/2025:20:23:07 -0400] "GET /stylesheets/stylesheet.css HTTP/1.1" 200 6783 "https://brandonrohrer.com/python_resources.html" "Mozilla/5.0 (iPhone; CPU iPhone OS 18_7_1 like Mac OS X) AppleWebKit/605.1.15 (KHTML, like Gecko) Version/18.7 Mobile/15E148 Safari/604.1"
72.83.102.10 - - [30/Sep/2025:20:23:07 -0400] "GET /javascripts/blog_head.js HTTP/1.1" 200 288 "https://brandonrohrer.com/python_resources.html" "Mozilla/5.0 (iPhone; CPU iPhone OS 18_7_1 like Mac OS X) AppleWebKit/605.1.15 (KHTML, like Gecko) Version/18.7 Mobile/15E148 Safari/604.1"
72.83.102.10 - - [30/Sep/2025:20:23:07 -0400] "GET /javascripts/blog_header.js HTTP/1.1" 200 614 "https://brandonrohrer.com/python_resources.html" "Mozilla/5.0 (iPhone; CPU iPhone OS 18_7_1 like Mac OS X) AppleWebKit/605.1.15 (KHTML, like Gecko) Version/18.7 Mobile/15E148 Safari/604.1"
72.83.102.10 - - [30/Sep/2025:20:23:07 -0400] "GET /javascripts/blog_signature.js HTTP/1.1" 200 208 "https://brandonrohrer.com/python_resources.html" "Mozilla/5.0 (iPhone; CPU iPhone OS 18_7_1 like Mac OS X) AppleWebKit/605.1.15 (KHTML, like Gecko) Version/18.7 Mobile/15E148 Safari/604.1"
72.83.102.10 - - [30/Sep/2025:20:23:07 -0400] "GET /javascripts/blog_footer.js HTTP/1.1" 200 796 "https://brandonrohrer.com/python_resources.html" "Mozilla/5.0 (iPhone; CPU iPhone OS 18_7_1 like Mac OS X) AppleWebKit/605.1.15 (KHTML, like Gecko) Version/18.7 Mobile/15E148 Safari/604.1"
142.132.159.116 - - [30/Sep/2025:20:23:11 -0400] "GET / HTTP/1.1" 200 5955 "-" "Mastodon/4.4.5 (http.rb/5.3.1; +https://mas.to/)"
34.135.143.163 - - [30/Sep/2025:20:24:13 -0400] "HEAD /which_tool_should_i_use.html HTTP/1.1" 200 0 "-" "Mozilla/5.0 (X11; Linux x86_64) AppleWebKit/537.36 (KHTML, like Gecko) Chrome/136.0.0.0 Safari/537.36"
34.135.143.163 - - [30/Sep/2025:20:24:13 -0400] "GET /which_tool_should_i_use.html HTTP/1.1" 200 6325 "-" "Mozilla/5.0 (X11; Linux x86_64) AppleWebKit/537.36 (KHTML, like Gecko) Chrome/136.0.0.0 Safari/537.36"
185.244.104.2 - - [30/Sep/2025:20:24:31 -0400] "PROPFIND / HTTP/1.1" 405 166 "http://138.197.69.146:443/" "-"
213.180.203.36 - - [30/Sep/2025:20:24:32 -0400] "GET /knn_adaptive_feature_weighting HTTP/1.1" 200 3824 "-" "Mozilla/5.0 (compatible; YandexBot/3.0; +http://yandex.com/bots)"
52.187.246.138 - - [30/Sep/2025:20:24:36 -0400] "GET /uv_cheatsheet HTTP/1.1" 200 1163 "-" "Mozilla/5.0 AppleWebKit/537.36 (KHTML, like Gecko); compatible; ChatGPT-User/1.0; +https://openai.com/bot"
8.160.38.244 - - [30/Sep/2025:20:25:14 -0400] "GET /http_server.html HTTP/1.1" 200 5809 "-" "Mozilla/5.0 (Windows NT 10.0; Win64; x64) AppleWebKit/537.36 (KHTML, like Gecko) Chrome/135.0.0.0 Safari/537.36"
138.19.142.171 - - [30/Sep/2025:20:25:45 -0400] "GET /feed.xml HTTP/1.1" 200 97518 "-" "FreshRSS/1.26.0 (Linux; https://freshrss.org)"
8.160.37.134 - - [30/Sep/2025:20:25:46 -0400] "GET /commit.html HTTP/1.1" 200 3388 "http://brandonrohrer.com/commit.html" "Mozilla/5.0 (Macintosh; Intel Mac OS X 10_15_7) AppleWebKit/537.36 (KHTML, like Gecko) Chrome/133.0.0.0 Safari/537.36"
17.241.227.94 - - [30/Sep/2025:20:26:00 -0400] "GET /javascripts/blog_header.js HTTP/1.1" 200 614 "https://www.brandonrohrer.com/regularization" "Mozilla/5.0 (Macintosh; Intel Mac OS X 10_15_7) AppleWebKit/605.1.15 (KHTML, like Gecko) Version/17.4 Safari/605.1.15 (Applebot/0.1; +http://www.apple.com/go/applebot)"
17.241.227.91 - - [30/Sep/2025:20:26:01 -0400] "GET /stylesheets/stylesheet.css HTTP/1.1" 200 6783 "https://www.brandonrohrer.com/regularization" "Mozilla/5.0 (Macintosh; Intel Mac OS X 10_15_7) AppleWebKit/605.1.15 (KHTML, like Gecko) Version/17.4 Safari/605.1.15 (Applebot/0.1; +http://www.apple.com/go/applebot)"
17.241.219.196 - - [30/Sep/2025:20:26:01 -0400] "GET /javascripts/blog_head.js HTTP/1.1" 200 288 "https://www.brandonrohrer.com/regularization" "Mozilla/5.0 (Macintosh; Intel Mac OS X 10_15_7) AppleWebKit/605.1.15 (KHTML, like Gecko) Version/17.4 Safari/605.1.15 (Applebot/0.1; +http://www.apple.com/go/applebot)"
17.241.227.215 - - [30/Sep/2025:20:26:02 -0400] "GET /stylesheets/print.css HTTP/1.1" 200 3277 "https://www.brandonrohrer.com/regularization" "Mozilla/5.0 (Macintosh; Intel Mac OS X 10_15_7) AppleWebKit/605.1.15 (KHTML, like Gecko) Version/17.4 Safari/605.1.15 (Applebot/0.1; +http://www.apple.com/go/applebot)"
17.241.219.219 - - [30/Sep/2025:20:26:02 -0400] "GET /javascripts/blog_footer.js HTTP/1.1" 200 796 "https://www.brandonrohrer.com/regularization" "Mozilla/5.0 (Macintosh; Intel Mac OS X 10_15_7) AppleWebKit/605.1.15 (KHTML, like Gecko) Version/17.4 Safari/605.1.15 (Applebot/0.1; +http://www.apple.com/go/applebot)"
17.241.227.187 - - [30/Sep/2025:20:26:03 -0400] "GET /javascripts/blog_signature.js HTTP/1.1" 200 208 "https://www.brandonrohrer.com/regularization" "Mozilla/5.0 (Macintosh; Intel Mac OS X 10_15_7) AppleWebKit/605.1.15 (KHTML, like Gecko) Version/17.4 Safari/605.1.15 (Applebot/0.1; +http://www.apple.com/go/applebot)"
92.247.181.29 - - [30/Sep/2025:20:26:14 -0400] "GET /feed.xml HTTP/1.1" 304 0 "https://www.brandonrohrer.com/" "Inoreader/1.0 (+http://www.inoreader.com/feed-fetcher; 6 subscribers; )"
141.95.205.46 - - [30/Sep/2025:20:27:21 -0400] "GET / HTTP/1.1" 200 5955 "-" "Mastodon/4.4.5 (http.rb/5.3.1; +https://tutoteket.no/)"
34.44.37.25 - - [30/Sep/2025:20:28:51 -0400] "GET /blog.html HTTP/1.1" 200 5955 "-" "Feedly/1.0"
95.108.213.192 - - [30/Sep/2025:20:29:22 -0400] "GET /robots.txt HTTP/1.1" 200 55 "-" "Mozilla/5.0 (compatible; YandexBot/3.0; +http://yandex.com/bots)"
99.240.96.127 - - [30/Sep/2025:20:29:27 -0400] "GET /apple-touch-icon-precomposed.png HTTP/1.1" 404 134 "-" "com.apple.WebKit.Networking/21622.1.22.11.14 Network/5569.1.3 macOS/26.0"
99.240.96.127 - - [30/Sep/2025:20:29:28 -0400] "GET /favicon.ico HTTP/1.1" 404 134 "-" "com.apple.WebKit.Networking/21622.1.22.11.14 Network/5569.1.3 macOS/26.0"
99.240.96.127 - - [30/Sep/2025:20:29:28 -0400] "GET /apple-touch-icon.png HTTP/1.1" 404 134 "-" "com.apple.WebKit.Networking/21622.1.22.11.14 Network/5569.1.3 macOS/26.0"
99.240.96.127 - - [30/Sep/2025:20:29:28 -0400] "GET /transformers.html HTTP/1.1" 200 36194 "-" "Mozilla/5.0 (Macintosh; Intel Mac OS X 10_11_1) AppleWebKit/601.2.4 (KHTML, like Gecko) Version/9.0.1 Safari/601.2.4 facebookexternalhit/1.1 Facebot Twitterbot/1.0"
99.240.96.127 - - [30/Sep/2025:20:29:28 -0400] "GET /images/ml_logo.png HTTP/1.1" 301 178 "-" "com.apple.WebKit.Networking/21622.1.22.11.14 Network/5569.1.3 macOS/26.0"
135.180.142.170 - - [30/Sep/2025:20:29:48 -0400] "GET / HTTP/1.1" 200 5955 "-" "NetNewsWire (RSS Reader; https://netnewswire.com/)"
45.175.58.97 - - [30/Sep/2025:20:30:22 -0400] "GET /%20%20%20%20%20%20%20%20%20%20https:/git-scm.com/book/en/v2 HTTP/1.1" 404 196 "-" "Mozilla/5.0 (Windows NT 6.1) AppleWebKit/537.36 (KHTML, like Gecko) Chrome/80.0.3987.132 Safari/537.36"
64.233.173.192 - - [30/Sep/2025:20:31:34 -0400] "GET /.well-known/traffic-advice HTTP/1.1" 404 134 "-" "Chrome Privacy Preserving Prefetch Proxy"
193.186.4.175 - - [30/Sep/2025:20:31:34 -0400] "GET /convert_rgb_to_grayscale.html HTTP/1.1" 200 4502 "https://www.google.com/" "Mozilla/5.0 (Windows NT 10.0; Win64; x64) AppleWebKit/537.36 (KHTML, like Gecko) Chrome/140.0.0.0 Safari/537.36"
162.196.226.76 - - [30/Sep/2025:20:31:43 -0400] "GET / HTTP/1.1" 200 5955 "-" "http.rb/5.1.1 (Mastodon/4.2.25; +https://rigor-mortis.nmrc.org/)"
115.231.78.10 - - [30/Sep/2025:20:31:44 -0400] "GET / HTTP/1.1" 200 25967 "-" "Mozilla/5.0 (Windows NT 6.1) AppleWebKit/537.36 (KHTML, like Gecko) Chrome/71.0.2623.112 Safari/537.36"
34.209.112.47 - - [30/Sep/2025:20:31:57 -0400] "GET /feed.xml HTTP/1.1" 200 97518 "-" "python-requests/2.32.3"
138.19.142.171 - - [30/Sep/2025:20:32:04 -0400] "GET /feed.xml HTTP/1.1" 200 97518 "-" "FreshRSS/1.26.0 (Linux; https://freshrss.org)"
162.196.226.76 - - [30/Sep/2025:20:32:32 -0400] "GET /ziptie HTTP/1.1" 301 178 "-" "http.rb/5.1.1 (Mastodon/4.2.25; +https://rigor-mortis.nmrc.org/) Bot"
162.196.226.76 - - [30/Sep/2025:20:32:32 -0400] "GET /cartographer HTTP/1.1" 301 178 "-" "http.rb/5.1.1 (Mastodon/4.2.25; +https://rigor-mortis.nmrc.org/) Bot"
74.7.36.105 - - [30/Sep/2025:20:32:49 -0400] "GET /transformers.html?utm_source=pocket_reader HTTP/1.1" 200 36194 "-" "Mozilla/5.0 AppleWebKit/537.36 (KHTML, like Gecko); compatible; ChatGPT-User/1.0; +https://openai.com/bot"
66.249.77.197 - - [30/Sep/2025:20:34:54 -0400] "GET /robots.txt HTTP/1.1" 200 55 "-" "Mozilla/5.0 (compatible; Googlebot/2.1; +http://www.google.com/bot.html)"
216.244.66.238 - - [30/Sep/2025:20:35:48 -0400] "GET /robots.txt HTTP/1.1" 200 55 "-" "Mozilla/5.0 (compatible; DotBot/1.2; +https://opensiteexplorer.org/dotbot; help@moz.com)"
178.128.239.122 - - [30/Sep/2025:20:35:55 -0400] "GET / HTTP/1.1" 200 5955 "-" "http.rb/5.1.1 (Mastodon/4.2.17; +https://xn--xxa.computer/)"
46.29.166.157 - - [30/Sep/2025:20:36:04 -0400] "GET /CACHE/sdesktop/data.xml HTTP/1.1" 400 264 "-" "Mozilla/5.0 (Macintosh; Intel Mac OS X 10_13_4) AppleWebKit/605.1.15 (KHTML, like Gecko) Version/11.1 Safari/605.1.15"
46.29.166.157 - - [30/Sep/2025:20:36:04 -0400] "GET /+CSCOE+/logon.html HTTP/1.1" 400 264 "-" "Mozilla/5.0 (CentOS; Linux x86_64; rv:132.0) Gecko/20100101 Firefox/132.0"
35.225.102.177 - - [30/Sep/2025:20:36:07 -0400] "GET /blog.html HTTP/1.1" 200 5955 "-" "Feedly/1.0"
178.128.239.122 - - [30/Sep/2025:20:36:20 -0400] "GET /ziptie HTTP/1.1" 301 178 "-" "http.rb/5.1.1 (Mastodon/4.2.17; +https://xn--xxa.computer/) Bot"
178.128.239.122 - - [30/Sep/2025:20:36:25 -0400] "GET /cartographer HTTP/1.1" 301 178 "-" "http.rb/5.1.1 (Mastodon/4.2.17; +https://xn--xxa.computer/) Bot"
20.194.1.7 - - [30/Sep/2025:20:36:46 -0400] "GET /ssh_at_home.html HTTP/1.1" 200 3326 "-" "Mozilla/5.0 AppleWebKit/537.36 (KHTML, like Gecko); compatible; ChatGPT-User/1.0; +https://openai.com/bot"
213.180.203.6 - - [30/Sep/2025:20:36:59 -0400] "GET /oversimplify HTTP/1.1" 200 3973 "-" "Mozilla/5.0 (compatible; YandexBot/3.0; +http://yandex.com/bots)"
64.225.19.55 - - [30/Sep/2025:20:37:34 -0400] "GET /feed.xml HTTP/1.1" 200 97518 "-" "RSS.Social/1.0 +https://rss.social/bot"
45.117.164.30 - - [30/Sep/2025:20:38:31 -0400] "GET /what_nns_learn.html HTTP/1.0" 200 33870 "https://brandonrohrer.com/what_nns_learn.html" "Mozilla/5.0 (Windows NT 10.0; Win64; x64) AppleWebKit/537.36 (KHTML, like Gecko) Chrome/131.0.0.0 Safari/537.36"
76.21.115.214 - - [30/Sep/2025:20:38:52 -0400] "GET /images/transformers/architecture_multihead.png HTTP/1.1" 301 178 "https://e2eml.school/" "Mozilla/5.0 (Macintosh; Intel Mac OS X 10_15_7) AppleWebKit/537.36 (KHTML, like Gecko) Chrome/140.0.0.0 Safari/537.36"
17.246.23.236 - - [30/Sep/2025:20:39:00 -0400] "GET /robots.txt HTTP/1.1" 200 55 "-" "Mozilla/5.0 (Macintosh; Intel Mac OS X 10_15_7) AppleWebKit/605.1.15 (KHTML, like Gecko) Version/17.4 Safari/605.1.15 (Applebot/0.1; +http://www.apple.com/go/applebot)"
17.246.23.236 - - [30/Sep/2025:20:39:00 -0400] "GET /regularization.html HTTP/1.1" 200 6389 "-" "Mozilla/5.0 (Macintosh; Intel Mac OS X 10_15_7) AppleWebKit/605.1.15 (KHTML, like Gecko) Version/17.4 Safari/605.1.15 (Applebot/0.1; +http://www.apple.com/go/applebot)"
96.2.184.166 - - [30/Sep/2025:20:39:24 -0400] "HEAD /python_resources.html HTTP/1.1" 200 0 "-" "Akkoma 3.13.2-0-g050bc74; https://akkoma.dogphilosophy.net <epicanis+akkoma@dogphilosophy.net>, Akkoma 3.13.2-0-g050bc74; https://akkoma.dogphilosophy.net <epicanis+akkoma@dogphilosophy.net>; Bot"
96.2.184.166 - - [30/Sep/2025:20:39:24 -0400] "GET /python_resources.html HTTP/1.1" 200 7140 "-" "Akkoma 3.13.2-0-g050bc74; https://akkoma.dogphilosophy.net <epicanis+akkoma@dogphilosophy.net>, Akkoma 3.13.2-0-g050bc74; https://akkoma.dogphilosophy.net <epicanis+akkoma@dogphilosophy.net>; Bot"
159.223.217.185 - - [30/Sep/2025:20:40:57 -0400] "GET / HTTP/1.1" 200 5955 "-" "Mozilla/5.0 (X11; Linux x86_64) AppleWebKit/537.36 (KHTML, like Gecko) Chrome/139.0.0.0 Safari/537.36"
159.223.217.185 - - [30/Sep/2025:20:41:00 -0400] "GET /images/ml_logo.png HTTP/1.1" 301 178 "https://stitch.news/" "Mozilla/5.0 (X11; Linux x86_64) AppleWebKit/537.36 (KHTML, like Gecko) Chrome/139.0.0.0 Safari/537.36"
24.198.80.69 - - [30/Sep/2025:20:41:15 -0400] "GET /hosting2 HTTP/1.1" 200 5957 "https://www.linkedin.com/" "Mozilla/5.0 (iPhone; CPU iPhone OS 18_6_2 like Mac OS X) AppleWebKit/605.1.15 (KHTML, like Gecko) Mobile/15E148 [LinkedInApp]/9.31.5267"
24.198.80.69 - - [30/Sep/2025:20:41:15 -0400] "GET /stylesheets/stylesheet.css HTTP/1.1" 200 6783 "https://www.brandonrohrer.com/hosting2" "Mozilla/5.0 (iPhone; CPU iPhone OS 18_6_2 like Mac OS X) AppleWebKit/605.1.15 (KHTML, like Gecko) Mobile/15E148 [LinkedInApp]/9.31.5267"
24.198.80.69 - - [30/Sep/2025:20:41:15 -0400] "GET /javascripts/blog_footer.js HTTP/1.1" 200 796 "https://www.brandonrohrer.com/hosting2" "Mozilla/5.0 (iPhone; CPU iPhone OS 18_6_2 like Mac OS X) AppleWebKit/605.1.15 (KHTML, like Gecko) Mobile/15E148 [LinkedInApp]/9.31.5267"
24.198.80.69 - - [30/Sep/2025:20:41:15 -0400] "GET /javascripts/blog_signature.js HTTP/1.1" 200 208 "https://www.brandonrohrer.com/hosting2" "Mozilla/5.0 (iPhone; CPU iPhone OS 18_6_2 like Mac OS X) AppleWebKit/605.1.15 (KHTML, like Gecko) Mobile/15E148 [LinkedInApp]/9.31.5267"
24.198.80.69 - - [30/Sep/2025:20:41:15 -0400] "GET /javascripts/blog_header.js HTTP/1.1" 200 614 "https://www.brandonrohrer.com/hosting2" "Mozilla/5.0 (iPhone; CPU iPhone OS 18_6_2 like Mac OS X) AppleWebKit/605.1.15 (KHTML, like Gecko) Mobile/15E148 [LinkedInApp]/9.31.5267"
24.198.80.69 - - [30/Sep/2025:20:41:15 -0400] "GET /javascripts/blog_head.js HTTP/1.1" 200 288 "https://www.brandonrohrer.com/hosting2" "Mozilla/5.0 (iPhone; CPU iPhone OS 18_6_2 like Mac OS X) AppleWebKit/605.1.15 (KHTML, like Gecko) Mobile/15E148 [LinkedInApp]/9.31.5267"
24.198.80.69 - - [30/Sep/2025:20:41:15 -0400] "GET /stylesheets/print.css HTTP/1.1" 200 3277 "https://www.brandonrohrer.com/hosting2" "Mozilla/5.0 (iPhone; CPU iPhone OS 18_6_2 like Mac OS X) AppleWebKit/605.1.15 (KHTML, like Gecko) Mobile/15E148 [LinkedInApp]/9.31.5267"
35.184.121.201 - - [30/Sep/2025:20:43:21 -0400] "GET /blog.html HTTP/1.1" 200 5955 "-" "Feedly/1.0"
138.19.142.171 - - [30/Sep/2025:20:43:58 -0400] "GET /feed.xml HTTP/1.1" 200 97518 "-" "FreshRSS/1.26.0 (Linux; https://freshrss.org)"
66.249.77.198 - - [30/Sep/2025:20:44:25 -0400] "GET /ads.txt HTTP/1.1" 404 134 "-" "Mozilla/5.0 (compatible; Googlebot/2.1; +http://www.google.com/bot.html)"
147.185.132.217 - - [30/Sep/2025:20:44:49 -0400] "GET / HTTP/1.1" 200 5955 "http://138.197.69.146:80/" "Hello from Palo Alto Networks, find out more about our scans in https://docs-cortex.paloaltonetworks.com/r/1/Cortex-Xpanse/Scanning-activity"
216.73.216.104 - - [30/Sep/2025:20:45:20 -0400] "GET /robots.txt HTTP/1.1" 200 55 "-" "Mozilla/5.0 AppleWebKit/537.36 (KHTML, like Gecko; compatible; ClaudeBot/1.0; +claudebot@anthropic.com)"
216.73.216.104 - - [30/Sep/2025:20:45:20 -0400] "GET /sitemap.xml HTTP/1.1" 404 134 "-" "Mozilla/5.0 AppleWebKit/537.36 (KHTML, like Gecko; compatible; ClaudeBot/1.0; +claudebot@anthropic.com)"
121.237.36.27 - - [30/Sep/2025:20:47:09 -0400] "GET / HTTP/1.1" 200 5955 "-" "Dalvik/2.1.0 (Linux; U; Android 9.0; ZTE BA520 Build/MRA58K)"
24.126.100.175 - - [30/Sep/2025:20:48:25 -0400] "GET /feed.xml HTTP/1.1" 304 0 "-" "Mozilla/5.0 (X11; Ubuntu; Linux x86_64; rv:136.0) Gecko/20100101 Firefox/136.0"
57.128.95.175 - - [30/Sep/2025:20:48:52 -0400] "GET / HTTP/1.1" 200 5955 "-" "Mastodon/4.4.5 (http.rb/5.3.1; +https://frikiverse.zone/)"
216.244.66.238 - - [30/Sep/2025:20:49:17 -0400] "GET /transformers.html%5D HTTP/1.1" 404 162 "-" "Mozilla/5.0 (compatible; DotBot/1.2; +https://opensiteexplorer.org/dotbot; help@moz.com)"
139.162.56.121 - - [30/Sep/2025:20:49:19 -0400] "GET / HTTP/1.1" 200 5955 "-" "http.rb/5.1.1 (Mastodon/4.2.17; +https://digforfire.org/)"
176.65.132.195 - - [30/Sep/2025:20:49:48 -0400] "HEAD / HTTP/1.1" 200 0 "-" "PathScanGo/fast-1.0"
176.65.132.195 - - [30/Sep/2025:20:49:49 -0400] "GET /.env HTTP/1.1" 403 134 "http://138.197.69.146/.env" "PathScanGo/fast-1.0"
139.162.56.121 - - [30/Sep/2025:20:49:50 -0400] "GET /ziptie HTTP/1.1" 301 178 "-" "http.rb/5.1.1 (Mastodon/4.2.17; +https://digforfire.org/) Bot"
176.65.132.195 - - [30/Sep/2025:20:49:50 -0400] "GET /api/.env HTTP/1.1" 403 134 "http://138.197.69.146/api/.env" "PathScanGo/fast-1.0"
176.65.132.195 - - [30/Sep/2025:20:49:52 -0400] "GET /backend/.env HTTP/1.1" 403 134 "http://138.197.69.146/backend/.env" "PathScanGo/fast-1.0"
176.65.132.195 - - [30/Sep/2025:20:49:53 -0400] "GET /app/.env HTTP/1.1" 403 134 "http://138.197.69.146/app/.env" "PathScanGo/fast-1.0"
176.65.132.195 - - [30/Sep/2025:20:49:55 -0400] "GET /web/.env HTTP/1.1" 403 134 "http://138.197.69.146/web/.env" "PathScanGo/fast-1.0"
176.65.132.195 - - [30/Sep/2025:20:49:56 -0400] "GET /core/.env HTTP/1.1" 403 134 "http://138.197.69.146/core/.env" "PathScanGo/fast-1.0"
176.65.132.195 - - [30/Sep/2025:20:49:57 -0400] "GET /admin/.env HTTP/1.1" 403 134 "http://138.197.69.146/admin/.env" "PathScanGo/fast-1.0"
176.65.132.195 - - [30/Sep/2025:20:49:59 -0400] "GET /site/.env HTTP/1.1" 403 134 "http://138.197.69.146/site/.env" "PathScanGo/fast-1.0"
176.65.132.195 - - [30/Sep/2025:20:50:00 -0400] "GET /www/.env HTTP/1.1" 403 134 "http://138.197.69.146/www/.env" "PathScanGo/fast-1.0"
176.65.132.195 - - [30/Sep/2025:20:50:01 -0400] "GET /docker/.env HTTP/1.1" 403 134 "http://138.197.69.146/docker/.env" "PathScanGo/fast-1.0"
176.65.132.195 - - [30/Sep/2025:20:50:03 -0400] "GET /laravel/.env HTTP/1.1" 403 134 "http://138.197.69.146/laravel/.env" "PathScanGo/fast-1.0"
24.35.88.72 - - [30/Sep/2025:20:50:03 -0400] "GET /apple-touch-icon-precomposed.png HTTP/1.1" 404 134 "-" "com.apple.WebKit.Networking/21622.1.22.11.15 Network/5569.1.3 macOS/26.0.1"
24.35.88.72 - - [30/Sep/2025:20:50:03 -0400] "GET /transformers HTTP/1.1" 200 36194 "-" "Mozilla/5.0 (Macintosh; Intel Mac OS X 10_11_1) AppleWebKit/601.2.4 (KHTML, like Gecko) Version/9.0.1 Safari/601.2.4 facebookexternalhit/1.1 Facebot Twitterbot/1.0"
24.35.88.72 - - [30/Sep/2025:20:50:03 -0400] "GET /favicon.ico HTTP/1.1" 404 134 "-" "com.apple.WebKit.Networking/21622.1.22.11.15 Network/5569.1.3 macOS/26.0.1"
24.35.88.72 - - [30/Sep/2025:20:50:03 -0400] "GET /apple-touch-icon.png HTTP/1.1" 404 134 "-" "com.apple.WebKit.Networking/21622.1.22.11.15 Network/5569.1.3 macOS/26.0.1"
24.35.88.72 - - [30/Sep/2025:20:50:04 -0400] "GET /images/ml_logo.png HTTP/1.1" 301 178 "-" "com.apple.WebKit.Networking/21622.1.22.11.15 Network/5569.1.3 macOS/26.0.1"
176.65.132.195 - - [30/Sep/2025:20:50:04 -0400] "GET /env/.env HTTP/1.1" 403 134 "http://138.197.69.146/env/.env" "PathScanGo/fast-1.0"
176.65.132.195 - - [30/Sep/2025:20:50:05 -0400] "GET /.env.prod HTTP/1.1" 403 134 "http://138.197.69.146/.env.prod" "PathScanGo/fast-1.0"
176.65.132.195 - - [30/Sep/2025:20:50:07 -0400] "GET /.env.production HTTP/1.1" 403 134 "http://138.197.69.146/.env.production" "PathScanGo/fast-1.0"
176.65.132.195 - - [30/Sep/2025:20:50:08 -0400] "GET /.env.local HTTP/1.1" 403 134 "http://138.197.69.146/.env.local" "PathScanGo/fast-1.0"
176.65.132.195 - - [30/Sep/2025:20:50:09 -0400] "GET /.env.backup HTTP/1.1" 403 134 "http://138.197.69.146/.env.backup" "PathScanGo/fast-1.0"
176.65.132.195 - - [30/Sep/2025:20:50:11 -0400] "GET /.env.example HTTP/1.1" 403 134 "http://138.197.69.146/.env.example" "PathScanGo/fast-1.0"
176.65.132.195 - - [30/Sep/2025:20:50:12 -0400] "GET /.env.old HTTP/1.1" 403 134 "http://138.197.69.146/.env.old" "PathScanGo/fast-1.0"
176.65.132.195 - - [30/Sep/2025:20:50:13 -0400] "GET /env.backup HTTP/1.1" 404 134 "http://138.197.69.146/env.backup" "PathScanGo/fast-1.0"
176.65.132.195 - - [30/Sep/2025:20:50:15 -0400] "GET /_profiler/phpinfo HTTP/1.1" 404 134 "http://138.197.69.146/_profiler/phpinfo" "PathScanGo/fast-1.0"
139.162.56.121 - - [30/Sep/2025:20:50:15 -0400] "GET /cartographer HTTP/1.1" 301 178 "-" "http.rb/5.1.1 (Mastodon/4.2.17; +https://digforfire.org/) Bot"
176.65.132.195 - - [30/Sep/2025:20:50:16 -0400] "GET /phpinfo.php HTTP/1.1" 403 134 "http://138.197.69.146/phpinfo.php" "PathScanGo/fast-1.0"
176.65.132.195 - - [30/Sep/2025:20:50:17 -0400] "GET /_phpinfo.php HTTP/1.1" 403 134 "http://138.197.69.146/_phpinfo.php" "PathScanGo/fast-1.0"
176.65.132.195 - - [30/Sep/2025:20:50:19 -0400] "GET /?phpinfo=1 HTTP/1.1" 200 5955 "http://138.197.69.146/?phpinfo=1" "PathScanGo/fast-1.0"
176.65.132.195 - - [30/Sep/2025:20:50:20 -0400] "GET /info.php HTTP/1.1" 403 134 "http://138.197.69.146/info.php" "PathScanGo/fast-1.0"
176.65.132.195 - - [30/Sep/2025:20:50:21 -0400] "GET /mail/send HTTP/1.1" 404 134 "http://138.197.69.146/mail/send" "PathScanGo/fast-1.0"
176.65.132.195 - - [30/Sep/2025:20:50:23 -0400] "GET /mailer/send HTTP/1.1" 404 134 "http://138.197.69.146/mailer/send" "PathScanGo/fast-1.0"
176.65.132.195 - - [30/Sep/2025:20:50:24 -0400] "GET /api/user HTTP/1.1" 404 134 "http://138.197.69.146/api/user" "PathScanGo/fast-1.0"
176.65.132.195 - - [30/Sep/2025:20:50:25 -0400] "GET /api/login HTTP/1.1" 404 134 "http://138.197.69.146/api/login" "PathScanGo/fast-1.0"
176.65.132.195 - - [30/Sep/2025:20:50:26 -0400] "GET /admin HTTP/1.1" 404 134 "http://138.197.69.146/admin" "PathScanGo/fast-1.0"
176.65.132.195 - - [30/Sep/2025:20:50:28 -0400] "GET /graphql?query HTTP/1.1" 404 134 "http://138.197.69.146/graphql?query" "PathScanGo/fast-1.0"
176.65.132.195 - - [30/Sep/2025:20:50:29 -0400] "GET /test?url=http://169.254.169.254/latest/meta-data/ HTTP/1.1" 404 134 "http://138.197.69.146/test?url=http://169.254.169.254/latest/meta-data/" "PathScanGo/fast-1.0"
176.65.132.195 - - [30/Sep/2025:20:50:30 -0400] "GET /debug?target=169.254.169.254/latest-meta-data/ HTTP/1.1" 404 134 "http://138.197.69.146/debug?target=169.254.169.254/latest-meta-data/" "PathScanGo/fast-1.0"
176.65.132.195 - - [30/Sep/2025:20:50:32 -0400] "GET /backup.sql HTTP/1.1" 404 134 "http://138.197.69.146/backup.sql" "PathScanGo/fast-1.0"
176.65.132.195 - - [30/Sep/2025:20:50:33 -0400] "GET /awc_prod.sql HTTP/1.1" 404 134 "http://138.197.69.146/awc_prod.sql" "PathScanGo/fast-1.0"
176.65.132.195 - - [30/Sep/2025:20:50:34 -0400] "GET /.AWS_/credentials HTTP/1.1" 403 134 "http://138.197.69.146/.AWS_/credentials" "PathScanGo/fast-1.0"
176.65.132.195 - - [30/Sep/2025:20:50:35 -0400] "GET /config.env HTTP/1.1" 404 134 "http://138.197.69.146/config.env" "PathScanGo/fast-1.0"
176.65.132.195 - - [30/Sep/2025:20:50:37 -0400] "GET /config.php HTTP/1.1" 403 134 "http://138.197.69.146/config.php" "PathScanGo/fast-1.0"
35.223.188.230 - - [30/Sep/2025:20:50:38 -0400] "GET /blog.html HTTP/1.1" 200 5955 "-" "Feedly/1.0"
176.65.132.195 - - [30/Sep/2025:20:50:38 -0400] "GET /config.json HTTP/1.1" 404 134 "http://138.197.69.146/config.json" "PathScanGo/fast-1.0"
176.65.132.195 - - [30/Sep/2025:20:50:39 -0400] "GET /actives.php HTTP/1.1" 403 134 "http://138.197.69.146/actives.php" "PathScanGo/fast-1.0"
176.65.132.195 - - [30/Sep/2025:20:50:41 -0400] "GET /test.php HTTP/1.1" 403 134 "http://138.197.69.146/test.php" "PathScanGo/fast-1.0"
176.65.132.195 - - [30/Sep/2025:20:50:42 -0400] "GET /404 HTTP/1.1" 404 134 "http://138.197.69.146/404" "PathScanGo/fast-1.0"
176.65.132.195 - - [30/Sep/2025:20:50:43 -0400] "GET /.env HTTP/1.1" 403 134 "-" "PathScanGo/fast-1.0"
176.65.132.195 - - [30/Sep/2025:20:50:44 -0400] "GET /api/.env HTTP/1.1" 403 134 "-" "PathScanGo/fast-1.0"
176.65.132.195 - - [30/Sep/2025:20:50:45 -0400] "GET /backend/.env HTTP/1.1" 403 134 "-" "PathScanGo/fast-1.0"
176.65.132.195 - - [30/Sep/2025:20:50:47 -0400] "GET /app/.env HTTP/1.1" 403 134 "-" "PathScanGo/fast-1.0"
176.65.132.195 - - [30/Sep/2025:20:50:48 -0400] "GET /web/.env HTTP/1.1" 403 134 "-" "PathScanGo/fast-1.0"
176.65.132.195 - - [30/Sep/2025:20:50:49 -0400] "GET /core/.env HTTP/1.1" 403 134 "-" "PathScanGo/fast-1.0"
176.65.132.195 - - [30/Sep/2025:20:50:50 -0400] "GET /admin/.env HTTP/1.1" 403 134 "-" "PathScanGo/fast-1.0"
176.65.132.195 - - [30/Sep/2025:20:50:51 -0400] "GET /site/.env HTTP/1.1" 403 134 "-" "PathScanGo/fast-1.0"
176.65.132.195 - - [30/Sep/2025:20:50:52 -0400] "GET /www/.env HTTP/1.1" 403 134 "-" "PathScanGo/fast-1.0"
176.65.132.195 - - [30/Sep/2025:20:50:54 -0400] "GET /docker/.env HTTP/1.1" 403 134 "-" "PathScanGo/fast-1.0"
176.65.132.195 - - [30/Sep/2025:20:50:55 -0400] "GET /laravel/.env HTTP/1.1" 403 134 "-" "PathScanGo/fast-1.0"
176.65.132.195 - - [30/Sep/2025:20:50:56 -0400] "GET /env/.env HTTP/1.1" 403 134 "-" "PathScanGo/fast-1.0"
176.65.132.195 - - [30/Sep/2025:20:50:57 -0400] "GET /.env.prod HTTP/1.1" 403 134 "-" "PathScanGo/fast-1.0"
176.65.132.195 - - [30/Sep/2025:20:50:58 -0400] "GET /.env.production HTTP/1.1" 403 134 "-" "PathScanGo/fast-1.0"
176.65.132.195 - - [30/Sep/2025:20:51:00 -0400] "GET /.env.local HTTP/1.1" 403 134 "-" "PathScanGo/fast-1.0"
176.65.132.195 - - [30/Sep/2025:20:51:01 -0400] "GET /.env.backup HTTP/1.1" 403 134 "-" "PathScanGo/fast-1.0"
54.144.185.255 - - [30/Sep/2025:20:51:01 -0400] "GET /robots.txt HTTP/1.1" 200 55 "-" "Mozilla/5.0 AppleWebKit/537.36 (KHTML, like Gecko; compatible; Amazonbot/0.1; +https://developer.amazon.com/support/amazonbot) Chrome/119.0.6045.214 Safari/537.36"
176.65.132.195 - - [30/Sep/2025:20:51:02 -0400] "GET /.env.example HTTP/1.1" 403 134 "-" "PathScanGo/fast-1.0"
176.65.132.195 - - [30/Sep/2025:20:51:03 -0400] "GET /.env.old HTTP/1.1" 403 134 "-" "PathScanGo/fast-1.0"
176.65.132.195 - - [30/Sep/2025:20:51:04 -0400] "GET /env.backup HTTP/1.1" 404 134 "-" "PathScanGo/fast-1.0"
18.232.36.1 - - [30/Sep/2025:20:51:05 -0400] "GET /hosting4.html HTTP/1.1" 200 6200 "-" "Mozilla/5.0 AppleWebKit/537.36 (KHTML, like Gecko; compatible; Amazonbot/0.1; +https://developer.amazon.com/support/amazonbot) Chrome/119.0.6045.214 Safari/537.36"
176.65.132.195 - - [30/Sep/2025:20:51:05 -0400] "GET /_profiler/phpinfo HTTP/1.1" 404 134 "-" "PathScanGo/fast-1.0"
176.65.132.195 - - [30/Sep/2025:20:51:07 -0400] "GET /phpinfo.php HTTP/1.1" 403 134 "-" "PathScanGo/fast-1.0"
176.65.132.195 - - [30/Sep/2025:20:51:08 -0400] "GET /_phpinfo.php HTTP/1.1" 403 134 "-" "PathScanGo/fast-1.0"
176.65.132.195 - - [30/Sep/2025:20:51:09 -0400] "GET /?phpinfo=1 HTTP/1.1" 200 5955 "-" "PathScanGo/fast-1.0"
176.65.132.195 - - [30/Sep/2025:20:51:10 -0400] "GET /info.php HTTP/1.1" 403 134 "-" "PathScanGo/fast-1.0"
176.65.132.195 - - [30/Sep/2025:20:51:11 -0400] "GET /mail/send HTTP/1.1" 404 134 "-" "PathScanGo/fast-1.0"
176.65.132.195 - - [30/Sep/2025:20:51:12 -0400] "GET /mailer/send HTTP/1.1" 404 134 "-" "PathScanGo/fast-1.0"
176.65.132.195 - - [30/Sep/2025:20:51:13 -0400] "GET /api/user HTTP/1.1" 404 134 "-" "PathScanGo/fast-1.0"
176.65.132.195 - - [30/Sep/2025:20:51:14 -0400] "GET /api/login HTTP/1.1" 404 134 "-" "PathScanGo/fast-1.0"
176.65.132.195 - - [30/Sep/2025:20:51:16 -0400] "GET /admin HTTP/1.1" 404 134 "-" "PathScanGo/fast-1.0"
176.65.132.195 - - [30/Sep/2025:20:51:17 -0400] "GET /graphql?query HTTP/1.1" 404 134 "-" "PathScanGo/fast-1.0"
176.65.132.195 - - [30/Sep/2025:20:51:18 -0400] "GET /test?url=http://169.254.169.254/latest/meta-data/ HTTP/1.1" 404 134 "-" "PathScanGo/fast-1.0"
176.65.132.195 - - [30/Sep/2025:20:51:19 -0400] "GET /debug?target=169.254.169.254/latest-meta-data/ HTTP/1.1" 404 134 "-" "PathScanGo/fast-1.0"
176.65.132.195 - - [30/Sep/2025:20:51:20 -0400] "GET /backup.sql HTTP/1.1" 404 134 "-" "PathScanGo/fast-1.0"
176.65.132.195 - - [30/Sep/2025:20:51:21 -0400] "GET /awc_prod.sql HTTP/1.1" 404 134 "-" "PathScanGo/fast-1.0"
176.65.132.195 - - [30/Sep/2025:20:51:23 -0400] "GET /.AWS_/credentials HTTP/1.1" 403 134 "-" "PathScanGo/fast-1.0"
176.65.132.195 - - [30/Sep/2025:20:51:24 -0400] "GET /config.env HTTP/1.1" 404 134 "-" "PathScanGo/fast-1.0"
176.65.132.195 - - [30/Sep/2025:20:51:25 -0400] "GET /config.php HTTP/1.1" 403 134 "-" "PathScanGo/fast-1.0"
176.65.132.195 - - [30/Sep/2025:20:51:26 -0400] "GET /config.json HTTP/1.1" 404 134 "-" "PathScanGo/fast-1.0"
176.65.132.195 - - [30/Sep/2025:20:51:27 -0400] "GET /actives.php HTTP/1.1" 403 134 "-" "PathScanGo/fast-1.0"
176.65.132.195 - - [30/Sep/2025:20:51:28 -0400] "GET /test.php HTTP/1.1" 403 134 "-" "PathScanGo/fast-1.0"
176.65.132.195 - - [30/Sep/2025:20:51:29 -0400] "GET /404 HTTP/1.1" 404 134 "-" "PathScanGo/fast-1.0"
154.29.156.162 - - [30/Sep/2025:20:52:04 -0400] "GET / HTTP/1.1" 200 5955 "-" "Reeder/5050102 CFNetwork/1498.700.2 Darwin/23.6.0"
154.29.156.162 - - [30/Sep/2025:20:52:04 -0400] "HEAD /images/ml_logo.png HTTP/1.1" 301 0 "-" "Reeder/5050102 CFNetwork/1498.700.2 Darwin/23.6.0"
154.29.156.162 - - [30/Sep/2025:20:52:05 -0400] "GET /images/ml_logo.png HTTP/1.1" 301 178 "-" "Reeder/5050102 CFNetwork/1498.700.2 Darwin/23.6.0"
154.29.156.162 - - [30/Sep/2025:20:52:06 -0400] "HEAD /favicon.ico HTTP/1.1" 404 0 "-" "Reeder/5050102 CFNetwork/1498.700.2 Darwin/23.6.0"
154.29.156.162 - - [30/Sep/2025:20:52:06 -0400] "HEAD /apple-touch-icon.png HTTP/1.1" 404 0 "-" "Reeder/5050102 CFNetwork/1498.700.2 Darwin/23.6.0"
154.29.156.162 - - [30/Sep/2025:20:52:06 -0400] "HEAD /apple-touch-icon-precomposed.png HTTP/1.1" 404 0 "-" "Reeder/5050102 CFNetwork/1498.700.2 Darwin/23.6.0"
141.94.131.5 - - [30/Sep/2025:20:53:39 -0400] "GET / HTTP/1.1" 200 5955 "-" "Mastodon/4.4.5 (http.rb/5.3.1; +https://social.dropbear.xyz/)"
142.161.197.71 - - [30/Sep/2025:20:55:17 -0400] "GET /matplotlib_ticks.html HTTP/1.1" 200 7000 "-" "Mozilla/5.0 (Macintosh; Intel Mac OS X 10_15_7) AppleWebKit/605.1.15 (KHTML, like Gecko) Version/16.0 Safari/605.1.15"
142.161.197.71 - - [30/Sep/2025:20:55:17 -0400] "GET /images/ml_logo.png HTTP/1.1" 301 178 "-" "Client/61598 CFNetwork/3860.100.1 Darwin/25.0.0"
198.58.124.204 - - [30/Sep/2025:20:55:30 -0400] "GET /feed.xml HTTP/1.1" 304 0 "-" "Micro.blog/2.1"
138.19.142.171 - - [30/Sep/2025:20:56:11 -0400] "GET /feed.xml HTTP/1.1" 200 97518 "-" "FreshRSS/1.26.0 (Linux; https://freshrss.org)"
71.227.198.213 - - [30/Sep/2025:20:56:15 -0400] "GET / HTTP/1.1" 200 5955 "-" "http.rb/5.1.1 (Mastodon/4.2.13; +https://mastodon.gsdgames.com/)"
162.120.186.72 - - [30/Sep/2025:20:57:12 -0400] "GET /code_optimization.html HTTP/1.1" 200 4519 "https://www.google.com/" "Mozilla/5.0 (Windows NT 10.0; Win64; x64) AppleWebKit/537.36 (KHTML, like Gecko) Chrome/140.0.0.0 Safari/537.36"
34.42.241.252 - - [30/Sep/2025:20:57:43 -0400] "GET /blog.html HTTP/1.1" 200 5955 "-" "Feedly/1.0"
40.84.221.234 - - [30/Sep/2025:20:59:17 -0400] "GET / HTTP/1.1" 200 5955 "-" "Mozilla/5.0 AppleWebKit/537.36 (KHTML, like Gecko); compatible; ChatGPT-User/1.0; +https://openai.com/bot"
40.84.221.234 - - [30/Sep/2025:20:59:17 -0400] "GET /matplotlib_lines.html HTTP/1.1" 200 2931 "-" "Mozilla/5.0 AppleWebKit/537.36 (KHTML, like Gecko); compatible; ChatGPT-User/1.0; +https://openai.com/bot"
64.225.19.55 - - [30/Sep/2025:21:00:23 -0400] "GET /feed.xml HTTP/1.1" 200 97518 "-" "RSS.Social/1.0 +https://rss.social/bot"
216.24.60.141 - - [30/Sep/2025:21:00:52 -0400] "GET /feed.xml HTTP/1.1" 200 97518 "-" "Mozilla/5.0 (Windows NT 10.0; Win64; x64) AppleWebKit/537.36 (KHTML, like Gecko) Chrome/84.0.4147.105 Safari/537.36"
170.64.191.103 - - [30/Sep/2025:21:00:57 -0400] "GET /feed.xml HTTP/1.1" 304 0 "https://www.brandonrohrer.com/feed.xml" "FreshRSS/1.23.1 (Linux; https://freshrss.org)"
75.102.32.73 - - [30/Sep/2025:21:01:41 -0400] "GET /feed.xml HTTP/1.1" 200 97518 "-" "FreshRSS/1.26.1 (Linux; https://freshrss.org)"
57.141.6.15 - - [30/Sep/2025:21:02:02 -0400] "GET /what_nns_learn HTTP/1.1" 200 33870 "-" "meta-externalagent/1.1 (+https://developers.facebook.com/docs/sharing/webmasters/crawler)"
17.246.19.72 - - [30/Sep/2025:21:02:08 -0400] "GET /regularization.html HTTP/1.1" 200 6389 "-" "Mozilla/5.0 (Macintosh; Intel Mac OS X 10_15_7) AppleWebKit/605.1.15 (KHTML, like Gecko) Version/17.4 Safari/605.1.15 (Applebot/0.1; +http://www.apple.com/go/applebot)"
17.246.15.71 - - [30/Sep/2025:21:02:08 -0400] "GET /stylesheets/stylesheet.css HTTP/1.1" 200 6783 "https://brandonrohrer.com/regularization.html" "Mozilla/5.0 (Macintosh; Intel Mac OS X 10_15_7) AppleWebKit/605.1.15 (KHTML, like Gecko) Version/17.4 Safari/605.1.15 (Applebot/0.1; +http://www.apple.com/go/applebot)"
17.246.23.90 - - [30/Sep/2025:21:02:09 -0400] "GET /javascripts/blog_header.js HTTP/1.1" 200 614 "https://brandonrohrer.com/regularization.html" "Mozilla/5.0 (Macintosh; Intel Mac OS X 10_15_7) AppleWebKit/605.1.15 (KHTML, like Gecko) Version/17.4 Safari/605.1.15 (Applebot/0.1; +http://www.apple.com/go/applebot)"
17.246.19.72 - - [30/Sep/2025:21:02:09 -0400] "GET /javascripts/blog_signature.js HTTP/1.1" 200 208 "https://brandonrohrer.com/regularization.html" "Mozilla/5.0 (Macintosh; Intel Mac OS X 10_15_7) AppleWebKit/605.1.15 (KHTML, like Gecko) Version/17.4 Safari/605.1.15 (Applebot/0.1; +http://www.apple.com/go/applebot)"
17.246.15.34 - - [30/Sep/2025:21:02:10 -0400] "GET /javascripts/blog_footer.js HTTP/1.1" 200 796 "https://brandonrohrer.com/regularization.html" "Mozilla/5.0 (Macintosh; Intel Mac OS X 10_15_7) AppleWebKit/605.1.15 (KHTML, like Gecko) Version/17.4 Safari/605.1.15 (Applebot/0.1; +http://www.apple.com/go/applebot)"
17.246.23.59 - - [30/Sep/2025:21:02:10 -0400] "GET /javascripts/blog_head.js HTTP/1.1" 200 288 "https://brandonrohrer.com/regularization.html" "Mozilla/5.0 (Macintosh; Intel Mac OS X 10_15_7) AppleWebKit/605.1.15 (KHTML, like Gecko) Version/17.4 Safari/605.1.15 (Applebot/0.1; +http://www.apple.com/go/applebot)"
17.246.19.76 - - [30/Sep/2025:21:02:11 -0400] "GET /stylesheets/print.css HTTP/1.1" 200 3277 "https://brandonrohrer.com/regularization.html" "Mozilla/5.0 (Macintosh; Intel Mac OS X 10_15_7) AppleWebKit/605.1.15 (KHTML, like Gecko) Version/17.4 Safari/605.1.15 (Applebot/0.1; +http://www.apple.com/go/applebot)"
95.216.68.175 - - [30/Sep/2025:21:03:02 -0400] "GET / HTTP/1.1" 200 5955 "-" "Mastodon/4.3.11 (http.rb/5.2.0; +https://toot.garden/)"
185.98.171.138 - - [30/Sep/2025:21:03:25 -0400] "GET /favicon.ico HTTP/1.1" 404 196 "-" "Mozilla/5.0 (Windows NT 10.0; Win64; x64) AppleWebKit/537.36 (KHTML, like Gecko) Chrome/140.0.0.0 Safari/537.36"
185.98.171.138 - - [30/Sep/2025:21:03:28 -0400] "GET /favicon.ico HTTP/1.1" 404 196 "-" "Mozilla/5.0 (Windows NT 10.0; Win64; x64) AppleWebKit/537.36 (KHTML, like Gecko) Chrome/140.0.0.0 Safari/537.36"
167.20.214.249 - - [30/Sep/2025:21:04:14 -0400] "GET / HTTP/1.1" 200 5955 "-" "Mastodon/4.4.2 (http.rb/5.3.1; +https://gladtech.social/)"
104.155.149.21 - - [30/Sep/2025:21:05:22 -0400] "GET /blog.html HTTP/1.1" 200 5955 "-" "Feedly/1.0"
35.85.251.125 - - [30/Sep/2025:21:05:36 -0400] "GET /feed.xml HTTP/1.1" 200 97518 "-" "python-requests/2.32.3"
20.101.35.60 - - [30/Sep/2025:21:05:38 -0400] "GET / HTTP/1.1" 200 5955 "-" "http.rb/5.1.1 (Mastodon/4.2.24; +https://sociale.network/)"
138.19.142.171 - - [30/Sep/2025:21:06:09 -0400] "GET /feed.xml HTTP/1.1" 200 97518 "-" "FreshRSS/1.26.0 (Linux; https://freshrss.org)"
213.180.203.3 - - [30/Sep/2025:21:06:28 -0400] "GET /ds_msft HTTP/1.1" 200 935 "-" "Mozilla/5.0 (compatible; YandexBot/3.0; +http://yandex.com/bots)"
17.241.75.229 - - [30/Sep/2025:21:07:21 -0400] "GET /how_convolutional_neural_networks_work.html HTTP/1.1" 200 8904 "-" "Mozilla/5.0 (Macintosh; Intel Mac OS X 10_15_7) AppleWebKit/605.1.15 (KHTML, like Gecko) Version/17.4 Safari/605.1.15 (Applebot/0.1; +http://www.apple.com/go/applebot)"
3.233.107.52 - - [30/Sep/2025:21:07:38 -0400] "GET / HTTP/1.1" 200 5955 "-" "Iframely/1.3.1 (+https://iframely.com/docs/about) Gitbook"
52.54.180.101 - - [30/Sep/2025:21:07:38 -0400] "GET /images/ml_logo.png HTTP/1.1" 301 178 "-" "Iframely/1.3.1 (+https://iframely.com/docs/about)"
172.70.115.136 - - [30/Sep/2025:21:07:38 -0400] "GET /images/ml_logo.png HTTP/1.1" 301 178 "-" "node"
185.244.104.2 - - [30/Sep/2025:21:07:47 -0400] "PROPFIND / HTTP/1.1" 405 166 "http://138.197.69.146:443/" "-"
213.180.203.93 - - [30/Sep/2025:21:08:01 -0400] "GET /how_backpropagation_works.html HTTP/1.1" 200 7708 "-" "Mozilla/5.0 (compatible; YandexBot/3.0; +http://yandex.com/bots)"
172.204.16.78 - - [30/Sep/2025:21:09:19 -0400] "GET / HTTP/1.1" 200 5955 "-" "Mozilla/5.0 AppleWebKit/537.36 (KHTML, like Gecko); compatible; ChatGPT-User/1.0; +https://openai.com/bot"
103.205.29.172 - - [30/Sep/2025:21:09:22 -0400] "GET /python_resources.html HTTP/1.1" 200 2716 "-" "Mastodon/4.3.8 (http.rb/5.2.0; +https://mastodon.thewarrens.name/) Bot"
172.204.16.78 - - [30/Sep/2025:21:09:37 -0400] "GET /data_science_archetypes.html HTTP/1.1" 200 7657 "-" "Mozilla/5.0 AppleWebKit/537.36 (KHTML, like Gecko); compatible; ChatGPT-User/1.0; +https://openai.com/bot"
172.204.16.71 - - [30/Sep/2025:21:09:38 -0400] "GET /five_questions_data_science_answers HTTP/1.1" 200 6757 "-" "Mozilla/5.0 AppleWebKit/537.36 (KHTML, like Gecko); compatible; ChatGPT-User/1.0; +https://openai.com/bot"
172.204.16.69 - - [30/Sep/2025:21:09:38 -0400] "GET /httyr/httyr01.html HTTP/1.1" 404 134 "-" "Mozilla/5.0 AppleWebKit/537.36 (KHTML, like Gecko); compatible; ChatGPT-User/1.0; +https://openai.com/bot"
172.204.16.71 - - [30/Sep/2025:21:09:38 -0400] "GET /httyr/httyr.html HTTP/1.1" 200 2428 "-" "Mozilla/5.0 AppleWebKit/537.36 (KHTML, like Gecko); compatible; ChatGPT-User/1.0; +https://openai.com/bot"
76.198.181.136 - - [30/Sep/2025:21:09:52 -0400] "GET /transformers.html HTTP/1.1" 200 36194 "-" "Mozilla/5.0 (Macintosh; Intel Mac OS X 10_15_7) AppleWebKit/537.36 (KHTML, like Gecko) Chrome/140.0.0.0 Safari/537.36"
76.198.181.136 - - [30/Sep/2025:21:09:52 -0400] "GET /stylesheets/stylesheet.css HTTP/1.1" 200 6783 "https://brandonrohrer.com/transformers.html" "Mozilla/5.0 (Macintosh; Intel Mac OS X 10_15_7) AppleWebKit/537.36 (KHTML, like Gecko) Chrome/140.0.0.0 Safari/537.36"
76.198.181.136 - - [30/Sep/2025:21:09:52 -0400] "GET /javascripts/blog_head.js HTTP/1.1" 200 288 "https://brandonrohrer.com/transformers.html" "Mozilla/5.0 (Macintosh; Intel Mac OS X 10_15_7) AppleWebKit/537.36 (KHTML, like Gecko) Chrome/140.0.0.0 Safari/537.36"
76.198.181.136 - - [30/Sep/2025:21:09:52 -0400] "GET /javascripts/blog_header.js HTTP/1.1" 200 614 "https://brandonrohrer.com/transformers.html" "Mozilla/5.0 (Macintosh; Intel Mac OS X 10_15_7) AppleWebKit/537.36 (KHTML, like Gecko) Chrome/140.0.0.0 Safari/537.36"
76.198.181.136 - - [30/Sep/2025:21:09:52 -0400] "GET /javascripts/blog_signature.js HTTP/1.1" 200 208 "https://brandonrohrer.com/transformers.html" "Mozilla/5.0 (Macintosh; Intel Mac OS X 10_15_7) AppleWebKit/537.36 (KHTML, like Gecko) Chrome/140.0.0.0 Safari/537.36"
76.198.181.136 - - [30/Sep/2025:21:09:52 -0400] "GET /javascripts/blog_footer.js HTTP/1.1" 200 796 "https://brandonrohrer.com/transformers.html" "Mozilla/5.0 (Macintosh; Intel Mac OS X 10_15_7) AppleWebKit/537.36 (KHTML, like Gecko) Chrome/140.0.0.0 Safari/537.36"
76.198.181.136 - - [30/Sep/2025:21:09:57 -0400] "GET /stylesheets/print.css HTTP/1.1" 200 3277 "https://brandonrohrer.com/transformers.html" "Mozilla/5.0 (Macintosh; Intel Mac OS X 10_15_7) AppleWebKit/537.36 (KHTML, like Gecko) Chrome/140.0.0.0 Safari/537.36"
172.182.209.213 - - [30/Sep/2025:21:10:15 -0400] "GET / HTTP/1.1" 200 5955 "-" "Mozilla/5.0 (Macintosh; Intel Mac OS X 10_15_7) AppleWebKit/537.36 (KHTML, like Gecko) Chrome/131.0.0.0 Safari/537.36; compatible; OAI-SearchBot/1.0; +https://openai.com/searchbot"
20.14.99.99 - - [30/Sep/2025:21:10:19 -0400] "GET /five_questions_data_science_answers HTTP/1.1" 200 6757 "-" "Mozilla/5.0 (Macintosh; Intel Mac OS X 10_15_7) AppleWebKit/537.36 (KHTML, like Gecko) Chrome/131.0.0.0 Safari/537.36; compatible; OAI-SearchBot/1.0; +https://openai.com/searchbot"
20.14.99.97 - - [30/Sep/2025:21:10:21 -0400] "GET /httyr/httyr.html HTTP/1.1" 200 2428 "-" "Mozilla/5.0 (Macintosh; Intel Mac OS X 10_15_7) AppleWebKit/537.36 (KHTML, like Gecko) Chrome/131.0.0.0 Safari/537.36; compatible; OAI-SearchBot/1.0; +https://openai.com/searchbot"
34.209.112.47 - - [30/Sep/2025:21:11:07 -0400] "GET /feed.xml HTTP/1.1" 200 97518 "-" "python-requests/2.32.3"
213.180.203.166 - - [30/Sep/2025:21:11:32 -0400] "GET /hosting HTTP/1.1" 200 4927 "-" "Mozilla/5.0 (compatible; YandexBot/3.0; +http://yandex.com/bots)"
85.208.96.198 - - [30/Sep/2025:21:12:16 -0400] "GET /robots.txt HTTP/1.1" 200 55 "-" "Mozilla/5.0 (compatible; SemrushBot/7~bl; +http://www.semrush.com/bot.html)"
185.191.171.3 - - [30/Sep/2025:21:12:17 -0400] "GET /robots.txt HTTP/1.1" 200 55 "-" "Mozilla/5.0 (compatible; SemrushBot/7~bl; +http://www.semrush.com/bot.html)"
85.208.96.208 - - [30/Sep/2025:21:12:18 -0400] "GET /batch_normalization.html HTTP/1.1" 200 8077 "-" "Mozilla/5.0 (compatible; SemrushBot/7~bl; +http://www.semrush.com/bot.html)"
160.15.13.134 - - [30/Sep/2025:21:12:21 -0400] "GET /images/transformers/one_hot_vocabulary.png HTTP/1.1" 301 178 "-" "Mozilla/5.0 (Macintosh; Intel Mac OS X 10_15_7) AppleWebKit/605.1.15 (KHTML, like Gecko) Safari"
136.113.58.27 - - [30/Sep/2025:21:12:36 -0400] "GET /blog.html HTTP/1.1" 200 5955 "-" "Feedly/1.0"
103.205.29.172 - - [30/Sep/2025:21:12:56 -0400] "GET / HTTP/1.1" 200 5955 "-" "Mastodon/4.3.8 (http.rb/5.2.0; +https://mastodon.thewarrens.name/)"
76.119.90.232 - - [30/Sep/2025:21:12:58 -0400] "GET /uv_cheatsheet.html HTTP/1.1" 200 1163 "https://brandonrohrer.com/" "Mozilla/5.0 (Macintosh; Intel Mac OS X 10_15_7) AppleWebKit/537.36 (KHTML, like Gecko) Chrome/138.0.0.0 Safari/537.36"
76.119.90.232 - - [30/Sep/2025:21:12:58 -0400] "GET /javascripts/blog_head.js HTTP/1.1" 304 0 "https://brandonrohrer.com/uv_cheatsheet.html" "Mozilla/5.0 (Macintosh; Intel Mac OS X 10_15_7) AppleWebKit/537.36 (KHTML, like Gecko) Chrome/138.0.0.0 Safari/537.36"
76.119.90.232 - - [30/Sep/2025:21:12:58 -0400] "GET /javascripts/blog_header.js HTTP/1.1" 304 0 "https://brandonrohrer.com/uv_cheatsheet.html" "Mozilla/5.0 (Macintosh; Intel Mac OS X 10_15_7) AppleWebKit/537.36 (KHTML, like Gecko) Chrome/138.0.0.0 Safari/537.36"
76.119.90.232 - - [30/Sep/2025:21:12:58 -0400] "GET /javascripts/blog_signature.js HTTP/1.1" 304 0 "https://brandonrohrer.com/uv_cheatsheet.html" "Mozilla/5.0 (Macintosh; Intel Mac OS X 10_15_7) AppleWebKit/537.36 (KHTML, like Gecko) Chrome/138.0.0.0 Safari/537.36"
76.119.90.232 - - [30/Sep/2025:21:12:58 -0400] "GET /javascripts/blog_footer.js HTTP/1.1" 304 0 "https://brandonrohrer.com/uv_cheatsheet.html" "Mozilla/5.0 (Macintosh; Intel Mac OS X 10_15_7) AppleWebKit/537.36 (KHTML, like Gecko) Chrome/138.0.0.0 Safari/537.36"
76.119.90.232 - - [30/Sep/2025:21:13:36 -0400] "GET /feed.xml HTTP/1.1" 304 0 "-" "Mozilla/5.0 (Macintosh; Intel Mac OS X 10_15_7) AppleWebKit/537.36 (KHTML, like Gecko) Chrome/138.0.0.0 Safari/537.36"
52.143.95.162 - - [30/Sep/2025:21:15:56 -0400] "GET /robots.txt HTTP/1.1" 200 55 "https://brandonrohrer.com/robots.txt" "DuckAssistBot/1.1; (+http://duckduckgo.com/duckassistbot.html)"
87.250.224.49 - - [30/Sep/2025:21:17:13 -0400] "GET /multiproc_pipeline HTTP/1.1" 200 3604 "-" "Mozilla/5.0 (compatible; YandexBot/3.0; +http://yandex.com/bots)"
138.19.142.171 - - [30/Sep/2025:21:17:34 -0400] "GET /feed.xml HTTP/1.1" 200 97518 "-" "FreshRSS/1.26.0 (Linux; https://freshrss.org)"
15.235.96.8 - - [30/Sep/2025:21:18:07 -0400] "GET /calculus_resources.html HTTP/1.1" 200 1504 "-" "Mozilla/5.0 (compatible; AhrefsBot/7.0; +http://ahrefs.com/robot/)"
24.126.100.175 - - [30/Sep/2025:21:18:55 -0400] "GET /feed.xml HTTP/1.1" 304 0 "-" "Mozilla/5.0 (X11; Ubuntu; Linux x86_64; rv:136.0) Gecko/20100101 Firefox/136.0"
